u:\dynamictranslator\yact\dosbox_emu\debug\dosbox_emu.pch
u:\dynamictranslator\yact\dosbox_emu\debug\vc142.pdb
u:\dynamictranslator\yact\dosbox_emu\debug\vc142.idb
u:\dynamictranslator\yact\dosbox_emu\debug\stdafx.obj
u:\dynamictranslator\yact\dosbox_emu\debug\callback.obj
u:\dynamictranslator\yact\dosbox_emu\debug\core_dyn_x86.obj
u:\dynamictranslator\yact\dosbox_emu\debug\core_dynrec.obj
u:\dynamictranslator\yact\dosbox_emu\debug\core_full.obj
u:\dynamictranslator\yact\dosbox_emu\debug\core_normal.obj
u:\dynamictranslator\yact\dosbox_emu\debug\core_prefetch.obj
u:\dynamictranslator\yact\dosbox_emu\debug\core_simple.obj
u:\dynamictranslator\yact\dosbox_emu\debug\cpu.obj
u:\dynamictranslator\yact\dosbox_emu\debug\cross.obj
u:\dynamictranslator\yact\dosbox_emu\debug\dosbox_emu.obj
u:\dynamictranslator\yact\dosbox_emu\debug\flags.obj
u:\dynamictranslator\yact\dosbox_emu\debug\fpu.obj
u:\dynamictranslator\yact\dosbox_emu\debug\memory.obj
u:\dynamictranslator\yact\dosbox_emu\debug\messages.obj
u:\dynamictranslator\yact\dosbox_emu\debug\mmx.obj
u:\dynamictranslator\yact\dosbox_emu\debug\modrm.obj
u:\dynamictranslator\yact\dosbox_emu\debug\paging.obj
u:\dynamictranslator\yact\dosbox_emu\debug\setup.obj
u:\dynamictranslator\yact\dosbox_emu\debug\support.obj
u:\dynamictranslator\yact\dosbox_emu\debug\dllmain.obj
u:\dynamictranslator\win32\debug\dosbox_emu.lib
u:\dynamictranslator\win32\debug\dosbox_emu.exp
u:\dynamictranslator\yact\dosbox_emu\debug\dosbox_emu.ilk
u:\dynamictranslator\win32\debug\dosbox_emu.dll
u:\dynamictranslator\win32\debug\dosbox_emu.pdb
u:\dynamictranslator\yact\dosbox_emu\debug\dosbox_emu.tlog\cl.command.1.tlog
u:\dynamictranslator\yact\dosbox_emu\debug\dosbox_emu.tlog\cl.read.1.tlog
u:\dynamictranslator\yact\dosbox_emu\debug\dosbox_emu.tlog\cl.write.1.tlog
u:\dynamictranslator\yact\dosbox_emu\debug\dosbox_emu.tlog\dosbox_emu.write.1u.tlog
u:\dynamictranslator\yact\dosbox_emu\debug\dosbox_emu.tlog\link.command.1.tlog
u:\dynamictranslator\yact\dosbox_emu\debug\dosbox_emu.tlog\link.read.1.tlog
u:\dynamictranslator\yact\dosbox_emu\debug\dosbox_emu.tlog\link.write.1.tlog
