u:\dynamictranslator\yact\system_dlls\ddraw_yact\debug\ddraw.nt.pch
u:\dynamictranslator\yact\system_dlls\ddraw_yact\debug\vc142.pdb
u:\dynamictranslator\yact\system_dlls\ddraw_yact\debug\vc142.idb
u:\dynamictranslator\yact\system_dlls\ddraw_yact\debug\stdafx.obj
u:\dynamictranslator\yact\system_dlls\ddraw_yact\debug\ddraw.obj
u:\dynamictranslator\yact\system_dlls\ddraw_yact\debug\ddraw_common.obj
u:\dynamictranslator\yact\system_dlls\ddraw_yact\debug\ddraw_impl.obj
u:\dynamictranslator\yact\system_dlls\ddraw_yact\debug\dllmain.obj
u:\dynamictranslator\win32\debug\systemnt\ddraw.nt.lib
u:\dynamictranslator\win32\debug\systemnt\ddraw.nt.exp
u:\dynamictranslator\yact\system_dlls\ddraw_yact\debug\ddraw.nt.ilk
u:\dynamictranslator\win32\debug\systemnt\ddraw.nt.dll
u:\dynamictranslator\win32\debug\systemnt\ddraw.nt.pdb
u:\dynamictranslator\yact\system_dlls\ddraw_yact\debug\ddraw.nt.tlog\cl.command.1.tlog
u:\dynamictranslator\yact\system_dlls\ddraw_yact\debug\ddraw.nt.tlog\cl.read.1.tlog
u:\dynamictranslator\yact\system_dlls\ddraw_yact\debug\ddraw.nt.tlog\cl.write.1.tlog
u:\dynamictranslator\yact\system_dlls\ddraw_yact\debug\ddraw.nt.tlog\ddraw.nt.write.1u.tlog
u:\dynamictranslator\yact\system_dlls\ddraw_yact\debug\ddraw.nt.tlog\link.command.1.tlog
u:\dynamictranslator\yact\system_dlls\ddraw_yact\debug\ddraw.nt.tlog\link.read.1.tlog
u:\dynamictranslator\yact\system_dlls\ddraw_yact\debug\ddraw.nt.tlog\link.write.1.tlog
