u:\dynamictranslator\arm\release\bochs_emu.lib
u:\dynamictranslator\arm\release\bochs_emu.exp
u:\dynamictranslator\yact\bochs_emu\arm\release\bochs_emu.pch
u:\dynamictranslator\yact\bochs_emu\arm\release\vc142.pdb
u:\dynamictranslator\yact\bochs_emu\arm\release\stdafx.obj
u:\dynamictranslator\yact\bochs_emu\arm\release\cpuid.obj
u:\dynamictranslator\yact\bochs_emu\arm\release\cpu.obj
u:\dynamictranslator\yact\bochs_emu\arm\release\config.obj
u:\dynamictranslator\yact\bochs_emu\arm\release\call_far.obj
u:\dynamictranslator\yact\bochs_emu\arm\release\bochs_test.obj
u:\dynamictranslator\yact\bochs_emu\arm\release\bit64.obj
u:\dynamictranslator\yact\bochs_emu\arm\release\bit32.obj
u:\dynamictranslator\yact\bochs_emu\arm\release\bit16.obj
u:\dynamictranslator\yact\bochs_emu\arm\release\bit.obj
u:\dynamictranslator\yact\bochs_emu\arm\release\bcd.obj
u:\dynamictranslator\yact\bochs_emu\arm\release\arith8.obj
u:\dynamictranslator\yact\bochs_emu\arm\release\arith64.obj
u:\dynamictranslator\yact\bochs_emu\arm\release\arith32.obj
u:\dynamictranslator\yact\bochs_emu\arm\release\arith16.obj
u:\dynamictranslator\yact\bochs_emu\arm\release\apic.obj
u:\dynamictranslator\yact\bochs_emu\arm\release\aes.obj
u:\dynamictranslator\yact\bochs_emu\arm\release\access64.obj
u:\dynamictranslator\yact\bochs_emu\arm\release\access32.obj
u:\dynamictranslator\yact\bochs_emu\arm\release\access.obj
u:\dynamictranslator\yact\bochs_emu\arm\release\3dnow.obj
u:\dynamictranslator\yact\bochs_emu\arm\release\flag_ctrl.obj
u:\dynamictranslator\yact\bochs_emu\arm\release\fetchdecode64.obj
u:\dynamictranslator\yact\bochs_emu\arm\release\fetchdecode.obj
u:\dynamictranslator\yact\bochs_emu\arm\release\ferr.obj
u:\dynamictranslator\yact\bochs_emu\arm\release\f2xm1.obj
u:\dynamictranslator\yact\bochs_emu\arm\release\exception.obj
u:\dynamictranslator\yact\bochs_emu\arm\release\dllmain.obj
u:\dynamictranslator\yact\bochs_emu\arm\release\dis_groups.obj
u:\dynamictranslator\yact\bochs_emu\arm\release\dis_decode.obj
u:\dynamictranslator\yact\bochs_emu\arm\release\debugstuff.obj
u:\dynamictranslator\yact\bochs_emu\arm\release\data_xfer8.obj
u:\dynamictranslator\yact\bochs_emu\arm\release\data_xfer64.obj
u:\dynamictranslator\yact\bochs_emu\arm\release\data_xfer32.obj
u:\dynamictranslator\yact\bochs_emu\arm\release\data_xfer16.obj
u:\dynamictranslator\yact\bochs_emu\arm\release\ctrl_xfer_pro.obj
u:\dynamictranslator\yact\bochs_emu\arm\release\ctrl_xfer64.obj
u:\dynamictranslator\yact\bochs_emu\arm\release\ctrl_xfer32.obj
u:\dynamictranslator\yact\bochs_emu\arm\release\ctrl_xfer16.obj
u:\dynamictranslator\yact\bochs_emu\arm\release\crregs.obj
u:\dynamictranslator\yact\bochs_emu\arm\release\crc32.obj
u:\dynamictranslator\yact\bochs_emu\arm\release\lazy_flags.obj
u:\dynamictranslator\yact\bochs_emu\arm\release\jmp_far.obj
u:\dynamictranslator\yact\bochs_emu\arm\release\iret.obj
u:\dynamictranslator\yact\bochs_emu\arm\release\io.obj
u:\dynamictranslator\yact\bochs_emu\arm\release\init.obj
u:\dynamictranslator\yact\bochs_emu\arm\release\icache.obj
u:\dynamictranslator\yact\bochs_emu\arm\release\fyl2x.obj
u:\dynamictranslator\yact\bochs_emu\arm\release\fsincos.obj
u:\dynamictranslator\yact\bochs_emu\arm\release\fpu_trans.obj
u:\dynamictranslator\yact\bochs_emu\arm\release\fpu_tags.obj
u:\dynamictranslator\yact\bochs_emu\arm\release\fpu_misc.obj
u:\dynamictranslator\yact\bochs_emu\arm\release\fpu_load_store.obj
u:\dynamictranslator\yact\bochs_emu\arm\release\fpu_emu.obj
u:\dynamictranslator\yact\bochs_emu\arm\release\fpu_const.obj
u:\dynamictranslator\yact\bochs_emu\arm\release\fpu_compare.obj
u:\dynamictranslator\yact\bochs_emu\arm\release\fpu_arith.obj
u:\dynamictranslator\yact\bochs_emu\arm\release\fpu.obj
u:\dynamictranslator\yact\bochs_emu\arm\release\fprem.obj
u:\dynamictranslator\yact\bochs_emu\arm\release\fpatan.obj
u:\dynamictranslator\yact\bochs_emu\arm\release\flag_ctrl_pro.obj
u:\dynamictranslator\yact\bochs_emu\arm\release\resolve.obj
u:\dynamictranslator\yact\bochs_emu\arm\release\protect_ctrl.obj
u:\dynamictranslator\yact\bochs_emu\arm\release\proc_ctrl.obj
u:\dynamictranslator\yact\bochs_emu\arm\release\poly.obj
u:\dynamictranslator\yact\bochs_emu\arm\release\pc_system.obj
u:\dynamictranslator\yact\bochs_emu\arm\release\paramtree.obj
u:\dynamictranslator\yact\bochs_emu\arm\release\paging.obj
u:\dynamictranslator\yact\bochs_emu\arm\release\mult8.obj
u:\dynamictranslator\yact\bochs_emu\arm\release\mult64.obj
u:\dynamictranslator\yact\bochs_emu\arm\release\mult32.obj
u:\dynamictranslator\yact\bochs_emu\arm\release\mult16.obj
u:\dynamictranslator\yact\bochs_emu\arm\release\msr.obj
u:\dynamictranslator\yact\bochs_emu\arm\release\mmx.obj
u:\dynamictranslator\yact\bochs_emu\arm\release\logio.obj
u:\dynamictranslator\yact\bochs_emu\arm\release\interlock.obj
u:\dynamictranslator\yact\bochs_emu\arm\release\logical8.obj
u:\dynamictranslator\yact\bochs_emu\arm\release\logical64.obj
u:\dynamictranslator\yact\bochs_emu\arm\release\logical32.obj
u:\dynamictranslator\yact\bochs_emu\arm\release\logical16.obj
u:\dynamictranslator\yact\bochs_emu\arm\release\load.obj
u:\dynamictranslator\yact\bochs_emu\arm\release\sse_string.obj
u:\dynamictranslator\yact\bochs_emu\arm\release\sse_rcp.obj
u:\dynamictranslator\yact\bochs_emu\arm\release\sse_pfp.obj
u:\dynamictranslator\yact\bochs_emu\arm\release\sse_move.obj
u:\dynamictranslator\yact\bochs_emu\arm\release\sse.obj
u:\dynamictranslator\yact\bochs_emu\arm\release\softfloatx80.obj
u:\dynamictranslator\yact\bochs_emu\arm\release\softfloat.obj
u:\dynamictranslator\yact\bochs_emu\arm\release\softfloat-specialize.obj
u:\dynamictranslator\yact\bochs_emu\arm\release\softfloat-round-pack.obj
u:\dynamictranslator\yact\bochs_emu\arm\release\soft_int.obj
u:\dynamictranslator\yact\bochs_emu\arm\release\smm.obj
u:\dynamictranslator\yact\bochs_emu\arm\release\siminterface.obj
u:\dynamictranslator\yact\bochs_emu\arm\release\shift8.obj
u:\dynamictranslator\yact\bochs_emu\arm\release\shift64.obj
u:\dynamictranslator\yact\bochs_emu\arm\release\shift32.obj
u:\dynamictranslator\yact\bochs_emu\arm\release\shift16.obj
u:\dynamictranslator\yact\bochs_emu\arm\release\segment_ctrl_pro.obj
u:\dynamictranslator\yact\bochs_emu\arm\release\segment_ctrl.obj
u:\dynamictranslator\yact\bochs_emu\arm\release\ret_far.obj
u:\dynamictranslator\yact\bochs_emu\arm\release\resolver.obj
u:\dynamictranslator\yact\bochs_emu\arm\release\xsave.obj
u:\dynamictranslator\yact\bochs_emu\arm\release\vmx.obj
u:\dynamictranslator\yact\bochs_emu\arm\release\vmexit.obj
u:\dynamictranslator\yact\bochs_emu\arm\release\vmcs.obj
u:\dynamictranslator\yact\bochs_emu\arm\release\vm8086.obj
u:\dynamictranslator\yact\bochs_emu\arm\release\textconfig.obj
u:\dynamictranslator\yact\bochs_emu\arm\release\tasking.obj
u:\dynamictranslator\yact\bochs_emu\arm\release\syntax.obj
u:\dynamictranslator\yact\bochs_emu\arm\release\string.obj
u:\dynamictranslator\yact\bochs_emu\arm\release\stack64.obj
u:\dynamictranslator\yact\bochs_emu\arm\release\stack32.obj
u:\dynamictranslator\yact\bochs_emu\arm\release\stack16.obj
u:\dynamictranslator\arm\release\bochs_emu.dll
u:\dynamictranslator\yact\bochs_emu\arm\release\bochs_emu.iobj
u:\dynamictranslator\arm\release\bochs_emu.pdb
u:\dynamictranslator\yact\bochs_emu\arm\release\bochs_emu.tlog\bochs_emu.write.1u.tlog
u:\dynamictranslator\yact\bochs_emu\arm\release\bochs_emu.tlog\cl.command.1.tlog
u:\dynamictranslator\yact\bochs_emu\arm\release\bochs_emu.tlog\cl.read.1.tlog
u:\dynamictranslator\yact\bochs_emu\arm\release\bochs_emu.tlog\cl.write.1.tlog
u:\dynamictranslator\yact\bochs_emu\arm\release\bochs_emu.tlog\link.command.1.tlog
u:\dynamictranslator\yact\bochs_emu\arm\release\bochs_emu.tlog\link.read.1.tlog
u:\dynamictranslator\yact\bochs_emu\arm\release\bochs_emu.tlog\link.write.1.tlog
