u:\dynamictranslator\yact\dosbox_emu\arm\release\dosbox_emu.pch
u:\dynamictranslator\yact\dosbox_emu\arm\release\vc142.pdb
u:\dynamictranslator\yact\dosbox_emu\arm\release\stdafx.obj
u:\dynamictranslator\yact\dosbox_emu\arm\release\core_simple.obj
u:\dynamictranslator\yact\dosbox_emu\arm\release\messages.obj
u:\dynamictranslator\yact\dosbox_emu\arm\release\core_full.obj
u:\dynamictranslator\yact\dosbox_emu\arm\release\flags.obj
u:\dynamictranslator\yact\dosbox_emu\arm\release\fpu.obj
u:\dynamictranslator\yact\dosbox_emu\arm\release\callback.obj
u:\dynamictranslator\yact\dosbox_emu\arm\release\cross.obj
u:\dynamictranslator\yact\dosbox_emu\arm\release\paging.obj
u:\dynamictranslator\yact\dosbox_emu\arm\release\core_dynrec.obj
u:\dynamictranslator\yact\dosbox_emu\arm\release\core_normal.obj
u:\dynamictranslator\yact\dosbox_emu\arm\release\mmx.obj
u:\dynamictranslator\yact\dosbox_emu\arm\release\core_prefetch.obj
u:\dynamictranslator\yact\dosbox_emu\arm\release\memory.obj
u:\dynamictranslator\yact\dosbox_emu\arm\release\cpu.obj
u:\dynamictranslator\yact\dosbox_emu\arm\release\support.obj
u:\dynamictranslator\yact\dosbox_emu\arm\release\core_dyn_x86.obj
u:\dynamictranslator\yact\dosbox_emu\arm\release\dosbox_emu.obj
u:\dynamictranslator\yact\dosbox_emu\arm\release\modrm.obj
u:\dynamictranslator\yact\dosbox_emu\arm\release\setup.obj
u:\dynamictranslator\yact\dosbox_emu\arm\release\dllmain.obj
u:\dynamictranslator\arm\release\dosbox_emu.lib
u:\dynamictranslator\arm\release\dosbox_emu.exp
u:\dynamictranslator\arm\release\dosbox_emu.dll
u:\dynamictranslator\yact\dosbox_emu\arm\release\dosbox_emu.iobj
u:\dynamictranslator\arm\release\dosbox_emu.pdb
u:\dynamictranslator\yact\dosbox_emu\arm\release\dosbox_emu.tlog\cl.command.1.tlog
u:\dynamictranslator\yact\dosbox_emu\arm\release\dosbox_emu.tlog\cl.read.1.tlog
u:\dynamictranslator\yact\dosbox_emu\arm\release\dosbox_emu.tlog\cl.write.1.tlog
u:\dynamictranslator\yact\dosbox_emu\arm\release\dosbox_emu.tlog\dosbox_emu.write.1u.tlog
u:\dynamictranslator\yact\dosbox_emu\arm\release\dosbox_emu.tlog\link.command.1.tlog
u:\dynamictranslator\yact\dosbox_emu\arm\release\dosbox_emu.tlog\link.read.1.tlog
u:\dynamictranslator\yact\dosbox_emu\arm\release\dosbox_emu.tlog\link.write.1.tlog
