u:\dynamictranslator\yact\yact_emu\debug\yact_emu.pch
u:\dynamictranslator\yact\yact_emu\debug\vc142.pdb
u:\dynamictranslator\yact\yact_emu\debug\vc142.idb
u:\dynamictranslator\yact\yact_emu\debug\stdafx.obj
u:\dynamictranslator\yact\yact_emu\debug\cmdstream.obj
u:\dynamictranslator\yact\yact_emu\debug\onebytecmds.obj
u:\dynamictranslator\yact\yact_emu\debug\twobytecmds.obj
u:\dynamictranslator\yact\yact_emu\debug\yact_emu.obj
u:\dynamictranslator\yact\yact_emu\debug\dllmain.obj
u:\dynamictranslator\yact\yact_emu\debug\yact_emu.ilk
u:\dynamictranslator\win32\debug\yact_emu.dll
u:\dynamictranslator\win32\debug\yact_emu.pdb
u:\dynamictranslator\win32\debug\yact_emu.lib
u:\dynamictranslator\win32\debug\yact_emu.exp
u:\dynamictranslator\yact\yact_emu\debug\yact_emu.tlog\cl.command.1.tlog
u:\dynamictranslator\yact\yact_emu\debug\yact_emu.tlog\cl.read.1.tlog
u:\dynamictranslator\yact\yact_emu\debug\yact_emu.tlog\cl.write.1.tlog
u:\dynamictranslator\yact\yact_emu\debug\yact_emu.tlog\link.command.1.tlog
u:\dynamictranslator\yact\yact_emu\debug\yact_emu.tlog\link.read.1.tlog
u:\dynamictranslator\yact\yact_emu\debug\yact_emu.tlog\link.write.1.tlog
u:\dynamictranslator\yact\yact_emu\debug\yact_emu.tlog\yact_emu.write.1u.tlog
