u:\dynamictranslator\yact\bochs_emu\debug\bochs_emu.pch
u:\dynamictranslator\yact\bochs_emu\debug\vc142.pdb
u:\dynamictranslator\yact\bochs_emu\debug\vc142.idb
u:\dynamictranslator\yact\bochs_emu\debug\stdafx.obj
u:\dynamictranslator\yact\bochs_emu\debug\softfloat-specialize.obj
u:\dynamictranslator\yact\bochs_emu\debug\softfloat.obj
u:\dynamictranslator\yact\bochs_emu\debug\softfloatx80.obj
u:\dynamictranslator\yact\bochs_emu\debug\sse.obj
u:\dynamictranslator\yact\bochs_emu\debug\sse_move.obj
u:\dynamictranslator\yact\bochs_emu\debug\sse_pfp.obj
u:\dynamictranslator\yact\bochs_emu\debug\sse_rcp.obj
u:\dynamictranslator\yact\bochs_emu\debug\sse_string.obj
u:\dynamictranslator\yact\bochs_emu\debug\stack16.obj
u:\dynamictranslator\yact\bochs_emu\debug\stack32.obj
u:\dynamictranslator\yact\bochs_emu\debug\stack64.obj
u:\dynamictranslator\yact\bochs_emu\debug\string.obj
u:\dynamictranslator\yact\bochs_emu\debug\syntax.obj
u:\dynamictranslator\yact\bochs_emu\debug\tasking.obj
u:\dynamictranslator\yact\bochs_emu\debug\vm8086.obj
u:\dynamictranslator\yact\bochs_emu\debug\vmcs.obj
u:\dynamictranslator\yact\bochs_emu\debug\vmexit.obj
u:\dynamictranslator\yact\bochs_emu\debug\vmx.obj
u:\dynamictranslator\yact\bochs_emu\debug\xsave.obj
u:\dynamictranslator\yact\bochs_emu\debug\mult8.obj
u:\dynamictranslator\yact\bochs_emu\debug\paging.obj
u:\dynamictranslator\yact\bochs_emu\debug\pc_system.obj
u:\dynamictranslator\yact\bochs_emu\debug\poly.obj
u:\dynamictranslator\yact\bochs_emu\debug\proc_ctrl.obj
u:\dynamictranslator\yact\bochs_emu\debug\protect_ctrl.obj
u:\dynamictranslator\yact\bochs_emu\debug\resolve.obj
u:\dynamictranslator\yact\bochs_emu\debug\resolver.obj
u:\dynamictranslator\yact\bochs_emu\debug\ret_far.obj
u:\dynamictranslator\yact\bochs_emu\debug\segment_ctrl.obj
u:\dynamictranslator\yact\bochs_emu\debug\segment_ctrl_pro.obj
u:\dynamictranslator\yact\bochs_emu\debug\shift16.obj
u:\dynamictranslator\yact\bochs_emu\debug\shift32.obj
u:\dynamictranslator\yact\bochs_emu\debug\shift64.obj
u:\dynamictranslator\yact\bochs_emu\debug\shift8.obj
u:\dynamictranslator\yact\bochs_emu\debug\smm.obj
u:\dynamictranslator\yact\bochs_emu\debug\soft_int.obj
u:\dynamictranslator\yact\bochs_emu\debug\softfloat-round-pack.obj
u:\dynamictranslator\yact\bochs_emu\debug\fsincos.obj
u:\dynamictranslator\yact\bochs_emu\debug\fyl2x.obj
u:\dynamictranslator\yact\bochs_emu\debug\icache.obj
u:\dynamictranslator\yact\bochs_emu\debug\init.obj
u:\dynamictranslator\yact\bochs_emu\debug\io.obj
u:\dynamictranslator\yact\bochs_emu\debug\iret.obj
u:\dynamictranslator\yact\bochs_emu\debug\jmp_far.obj
u:\dynamictranslator\yact\bochs_emu\debug\lazy_flags.obj
u:\dynamictranslator\yact\bochs_emu\debug\load.obj
u:\dynamictranslator\yact\bochs_emu\debug\logical16.obj
u:\dynamictranslator\yact\bochs_emu\debug\logical32.obj
u:\dynamictranslator\yact\bochs_emu\debug\logical64.obj
u:\dynamictranslator\yact\bochs_emu\debug\logical8.obj
u:\dynamictranslator\yact\bochs_emu\debug\interlock.obj
u:\dynamictranslator\yact\bochs_emu\debug\logio.obj
u:\dynamictranslator\yact\bochs_emu\debug\mmx.obj
u:\dynamictranslator\yact\bochs_emu\debug\msr.obj
u:\dynamictranslator\yact\bochs_emu\debug\mult16.obj
u:\dynamictranslator\yact\bochs_emu\debug\mult32.obj
u:\dynamictranslator\yact\bochs_emu\debug\mult64.obj
u:\dynamictranslator\yact\bochs_emu\debug\dis_groups.obj
u:\dynamictranslator\yact\bochs_emu\debug\dllmain.obj
u:\dynamictranslator\yact\bochs_emu\debug\exception.obj
u:\dynamictranslator\yact\bochs_emu\debug\f2xm1.obj
u:\dynamictranslator\yact\bochs_emu\debug\ferr.obj
u:\dynamictranslator\yact\bochs_emu\debug\fetchdecode.obj
u:\dynamictranslator\yact\bochs_emu\debug\fetchdecode64.obj
u:\dynamictranslator\yact\bochs_emu\debug\flag_ctrl.obj
u:\dynamictranslator\yact\bochs_emu\debug\flag_ctrl_pro.obj
u:\dynamictranslator\yact\bochs_emu\debug\fpatan.obj
u:\dynamictranslator\yact\bochs_emu\debug\fprem.obj
u:\dynamictranslator\yact\bochs_emu\debug\fpu.obj
u:\dynamictranslator\yact\bochs_emu\debug\fpu_arith.obj
u:\dynamictranslator\yact\bochs_emu\debug\fpu_compare.obj
u:\dynamictranslator\yact\bochs_emu\debug\fpu_const.obj
u:\dynamictranslator\yact\bochs_emu\debug\fpu_emu.obj
u:\dynamictranslator\yact\bochs_emu\debug\fpu_load_store.obj
u:\dynamictranslator\yact\bochs_emu\debug\fpu_misc.obj
u:\dynamictranslator\yact\bochs_emu\debug\fpu_tags.obj
u:\dynamictranslator\yact\bochs_emu\debug\fpu_trans.obj
u:\dynamictranslator\yact\bochs_emu\debug\bit16.obj
u:\dynamictranslator\yact\bochs_emu\debug\bit32.obj
u:\dynamictranslator\yact\bochs_emu\debug\bit64.obj
u:\dynamictranslator\yact\bochs_emu\debug\bochs_test.obj
u:\dynamictranslator\yact\bochs_emu\debug\call_far.obj
u:\dynamictranslator\yact\bochs_emu\debug\config.obj
u:\dynamictranslator\yact\bochs_emu\debug\cpu.obj
u:\dynamictranslator\yact\bochs_emu\debug\cpuid.obj
u:\dynamictranslator\yact\bochs_emu\debug\crc32.obj
u:\dynamictranslator\yact\bochs_emu\debug\crregs.obj
u:\dynamictranslator\yact\bochs_emu\debug\ctrl_xfer16.obj
u:\dynamictranslator\yact\bochs_emu\debug\ctrl_xfer32.obj
u:\dynamictranslator\yact\bochs_emu\debug\ctrl_xfer64.obj
u:\dynamictranslator\yact\bochs_emu\debug\ctrl_xfer_pro.obj
u:\dynamictranslator\yact\bochs_emu\debug\data_xfer16.obj
u:\dynamictranslator\yact\bochs_emu\debug\data_xfer32.obj
u:\dynamictranslator\yact\bochs_emu\debug\data_xfer64.obj
u:\dynamictranslator\yact\bochs_emu\debug\data_xfer8.obj
u:\dynamictranslator\yact\bochs_emu\debug\debugstuff.obj
u:\dynamictranslator\yact\bochs_emu\debug\dis_decode.obj
u:\dynamictranslator\yact\bochs_emu\debug\3dnow.obj
u:\dynamictranslator\yact\bochs_emu\debug\access.obj
u:\dynamictranslator\yact\bochs_emu\debug\access32.obj
u:\dynamictranslator\yact\bochs_emu\debug\access64.obj
u:\dynamictranslator\yact\bochs_emu\debug\aes.obj
u:\dynamictranslator\yact\bochs_emu\debug\apic.obj
u:\dynamictranslator\yact\bochs_emu\debug\arith16.obj
u:\dynamictranslator\yact\bochs_emu\debug\arith32.obj
u:\dynamictranslator\yact\bochs_emu\debug\arith64.obj
u:\dynamictranslator\yact\bochs_emu\debug\arith8.obj
u:\dynamictranslator\yact\bochs_emu\debug\bcd.obj
u:\dynamictranslator\yact\bochs_emu\debug\bit.obj
u:\dynamictranslator\yact\bochs_emu\debug\bochs_emu.tlog\cl.command.1.tlog
u:\dynamictranslator\yact\bochs_emu\debug\bochs_emu.tlog\cl.read.1.tlog
u:\dynamictranslator\yact\bochs_emu\debug\bochs_emu.tlog\cl.write.1.tlog
