cl : コマンド ライン warning D9035: オプション 'Gm' の使用は現在推奨されていません。今後のバージョンからは削除されます。
  stdafx.cpp
cl : コマンド ライン warning D9035: オプション 'Gm' の使用は現在推奨されていません。今後のバージョンからは削除されます。
  xsave.cpp
  vmx.cpp
  vmexit.cpp
  vmcs.cpp
  vm8086.cpp
  textconfig.cpp
  tasking.cpp
  syntax.cpp
  string.cpp
  stack64.cpp
  stack32.cpp
  stack16.cpp
  sse_string.cpp
  sse_rcp.cpp
  sse_pfp.cpp
  sse_move.cpp
  sse.cpp
  softfloatx80.cpp
  softfloat.cpp
  softfloat-specialize.cpp
  コードを生成中...
  コンパイル中...
  softfloat-round-pack.cpp
  soft_int.cpp
  smm.cpp
  siminterface.cpp
  shift8.cpp
  shift64.cpp
  shift32.cpp
  shift16.cpp
  segment_ctrl_pro.cpp
  segment_ctrl.cpp
  ret_far.cpp
  resolver.cpp
  resolve.cpp
  protect_ctrl.cpp
  proc_ctrl.cpp
