u:\dynamictranslator\yact\system_dlls\gdi32_yact\release\gdi32.nt.pch
u:\dynamictranslator\yact\system_dlls\gdi32_yact\release\vc142.pdb
u:\dynamictranslator\yact\system_dlls\gdi32_yact\release\stdafx.obj
u:\dynamictranslator\yact\system_dlls\gdi32_yact\release\dllmain.obj
u:\dynamictranslator\yact\system_dlls\gdi32_yact\release\gdi32.obj
u:\dynamictranslator\win32\release\systemnt\gdi32.nt.lib
u:\dynamictranslator\win32\release\systemnt\gdi32.nt.exp
u:\dynamictranslator\win32\release\systemnt\gdi32.nt.dll
u:\dynamictranslator\yact\system_dlls\gdi32_yact\release\gdi32.nt.iobj
u:\dynamictranslator\win32\release\systemnt\gdi32.nt.pdb
u:\dynamictranslator\yact\system_dlls\gdi32_yact\release\gdi32.nt.ipdb
u:\dynamictranslator\yact\system_dlls\gdi32_yact\release\dllmain.nativecodeanalysis.xml
u:\dynamictranslator\yact\system_dlls\gdi32_yact\release\gdi32.nativecodeanalysis.xml
u:\dynamictranslator\yact\system_dlls\gdi32_yact\release\stdafx.nativecodeanalysis.xml
u:\dynamictranslator\yact\system_dlls\gdi32_yact\release\vc.nativecodeanalysis.all.xml
u:\dynamictranslator\yact\system_dlls\gdi32_yact\release\gdi32.nt.tlog\cl.command.1.tlog
u:\dynamictranslator\yact\system_dlls\gdi32_yact\release\gdi32.nt.tlog\cl.read.1.tlog
u:\dynamictranslator\yact\system_dlls\gdi32_yact\release\gdi32.nt.tlog\cl.write.1.tlog
u:\dynamictranslator\yact\system_dlls\gdi32_yact\release\gdi32.nt.tlog\gdi32.nt.write.1u.tlog
u:\dynamictranslator\yact\system_dlls\gdi32_yact\release\gdi32.nt.tlog\link.command.1.tlog
u:\dynamictranslator\yact\system_dlls\gdi32_yact\release\gdi32.nt.tlog\link.read.1.tlog
u:\dynamictranslator\yact\system_dlls\gdi32_yact\release\gdi32.nt.tlog\link.write.1.tlog
